* installing *source* package ‘DIDmultiplegtDYN’ ...
** this is package ‘DIDmultiplegtDYN’ version ‘2.4.0’
** using staged installation
** libs
using C++ compiler: ‘Apple clang version 17.0.0 (clang-1700.6.3.2)’
using SDK: ‘MacOSX26.2.sdk’
clang++ -arch arm64 -std=gnu++17 -I"/Library/Frameworks/R.framework/Resources/include" -DNDEBUG  -I'/Library/Frameworks/R.framework/Versions/4.5-arm64/Resources/library/Rcpp/include' -I/opt/R/arm64/include    -fPIC  -falign-functions=64 -Wall -g -O2   -c RcppExports.cpp -o RcppExports.o
clang++ -arch arm64 -std=gnu++17 -I"/Library/Frameworks/R.framework/Resources/include" -DNDEBUG  -I'/Library/Frameworks/R.framework/Versions/4.5-arm64/Resources/library/Rcpp/include' -I/opt/R/arm64/include    -fPIC  -falign-functions=64 -Wall -g -O2   -c did_loops.cpp -o did_loops.o
clang++ -arch arm64 -std=gnu++17 -dynamiclib -Wl,-headerpad_max_install_names -undefined dynamic_lookup -L/Library/Frameworks/R.framework/Resources/lib -L/opt/homebrew/lib -o DIDmultiplegtDYN.so RcppExports.o did_loops.o -F/Library/Frameworks/R.framework/.. -framework R
installing to /Users/anzony.quisperojas/Documents/GitHub/did_multiplegt_dyn/DIDmultiplegtDYN.Rcheck/00LOCK-DIDmultiplegtDYN/00new/DIDmultiplegtDYN/libs
** R
** data
*** moving datasets to lazyload DB
** inst
** byte-compile and prepare package for lazy loading
** help
*** installing help indices
** building package indices
** testing if installed package can be loaded from temporary location
** checking absolute paths in shared objects and dynamic libraries
** testing if installed package can be loaded from final location
** testing if installed package keeps a record of temporary installation path
* DONE (DIDmultiplegtDYN)
