* using log directory ‘/workspace/R.Rcheck’
* using R version 4.4.2 (2024-10-31)
* using platform: aarch64-unknown-linux-gnu
* R was compiled by
    gcc (Ubuntu 13.3.0-6ubuntu2~24.04) 13.3.0
    GNU Fortran (Ubuntu 13.3.0-6ubuntu2~24.04) 13.3.0
* running under: Ubuntu 24.04.1 LTS
* using session charset: UTF-8
* using options ‘--no-examples --no-tests --no-manual --no-build-vignettes’
* checking for file ‘R/DESCRIPTION’ ... OK
* this is package ‘DIDmultiplegtDYN’ version ‘2.3.4’
* package encoding: UTF-8
* checking package namespace information ... OK
* checking package dependencies ... ERROR
Packages required but not available:
  'matlib', 'openxlsx', 'car', 'lmtest', 'cowplot', 'rnames'

Package suggested but not available: ‘polars’

The suggested packages are required for a complete check.
Checking can be attempted without them by setting the environment
variable _R_CHECK_FORCE_SUGGESTS_ to a false value.

See section ‘The DESCRIPTION file’ in the ‘Writing R Extensions’
manual.
* DONE
Status: 1 ERROR
